Args in experiment:
Namespace(activation='gelu', batch_size=32, c_out=7, checkpoints='./checkpoints/', d_ff=2048, d_layers=1, d_model=512, data='custom', data_path='exchange_rate.csv', dec_in=7, des='Exp', devices='0,1,2,3', distil=True, do_predict=False, dropout=0.05, e_layers=2, embed='timeF', embed_type=0, enc_in=8, factor=1, features='M', freq='h', gpu=0, individual=False, is_training=1, itr=1, label_len=48, learning_rate=0.0005, loss='mse', lradj='type1', model='DLinear', model_id='Exchange_336_336', moving_avg=25, n_heads=8, num_workers=10, output_attention=False, patience=3, pred_len=336, root_path='./dataset/', seq_len=336, target='OT', test_flop=False, train_epochs=10, train_only=False, use_amp=False, use_gpu=False, use_multi_gpu=False)
Use CPU
>>>>>>>start training : Exchange_336_336_DLinear_custom_ftM_sl336_ll48_pl336_dm512_nh8_el2_dl1_df2048_fc1_ebtimeF_dtTrue_Exp_0>>>>>>>>>>>>>>>>>>>>>>>>>>
train 4640
val 425
test 1182
	iters: 100, epoch: 1 | loss: 0.3330906
	speed: 0.0103s/iter; left time: 13.9750s
Epoch: 1 cost time: 1.3776531219482422
Epoch: 1, Steps: 145 | Train Loss: 0.4526508 Vali Loss: 1.1595606 Test Loss: 0.3872242
Validation loss decreased (inf --> 1.159561).  Saving model ...
Updating learning rate to 0.0005
	iters: 100, epoch: 2 | loss: 0.3621817
	speed: 0.0205s/iter; left time: 24.7311s
Epoch: 2 cost time: 1.4513659477233887
Epoch: 2, Steps: 145 | Train Loss: 0.3879269 Vali Loss: 0.9800501 Test Loss: 0.3335743
Validation loss decreased (1.159561 --> 0.980050).  Saving model ...
Updating learning rate to 0.00025
	iters: 100, epoch: 3 | loss: 0.4086459
	speed: 0.0214s/iter; left time: 22.6975s
Epoch: 3 cost time: 1.4425404071807861
Epoch: 3, Steps: 145 | Train Loss: 0.3800562 Vali Loss: 1.1686174 Test Loss: 0.4400395
EarlyStopping counter: 1 out of 3
Updating learning rate to 0.000125
	iters: 100, epoch: 4 | loss: 0.3763886
	speed: 0.0211s/iter; left time: 19.3611s
Epoch: 4 cost time: 1.4349994659423828
Epoch: 4, Steps: 145 | Train Loss: 0.3763453 Vali Loss: 1.0648006 Test Loss: 0.3867831
EarlyStopping counter: 2 out of 3
Updating learning rate to 6.25e-05
	iters: 100, epoch: 5 | loss: 0.2898676
	speed: 0.0219s/iter; left time: 16.9125s
Epoch: 5 cost time: 1.5455336570739746
Epoch: 5, Steps: 145 | Train Loss: 0.3745440 Vali Loss: 1.0145195 Test Loss: 0.3655114
EarlyStopping counter: 3 out of 3
Early stopping
>>>>>>>testing : Exchange_336_336_DLinear_custom_ftM_sl336_ll48_pl336_dm512_nh8_el2_dl1_df2048_fc1_ebtimeF_dtTrue_Exp_0<<<<<<<<<<<<<<<<<<<<<<<<<<<<<<<<<
test 1182
mse:0.3332493305206299, mae:0.44139614701271057
