Args in experiment:
Namespace(activation='gelu', batch_size=16, c_out=7, checkpoints='./checkpoints/', d_ff=2048, d_layers=1, d_model=512, data='custom', data_path='electricity.csv', dec_in=7, des='Exp', devices='0,1,2,3', distil=True, do_predict=False, dropout=0.05, e_layers=2, embed='timeF', embed_type=0, enc_in=321, factor=1, features='M', freq='h', gpu=0, individual=False, is_training=1, itr=1, label_len=48, learning_rate=0.001, loss='mse', lradj='type1', model='DLinear', model_id='Electricity_336_336', moving_avg=25, n_heads=8, num_workers=10, output_attention=False, patience=3, pred_len=336, root_path='./dataset/', seq_len=336, target='OT', test_flop=False, train_epochs=10, train_only=False, use_amp=False, use_gpu=False, use_multi_gpu=False)
Use CPU
>>>>>>>start training : Electricity_336_336_DLinear_custom_ftM_sl336_ll48_pl336_dm512_nh8_el2_dl1_df2048_fc1_ebtimeF_dtTrue_Exp_0>>>>>>>>>>>>>>>>>>>>>>>>>>
train 17741
val 2297
test 4925
	iters: 100, epoch: 1 | loss: 0.2410082
	speed: 0.0417s/iter; left time: 458.1741s
	iters: 200, epoch: 1 | loss: 0.2305288
	speed: 0.0425s/iter; left time: 462.0861s
	iters: 300, epoch: 1 | loss: 0.1629800
	speed: 0.0445s/iter; left time: 480.1179s
	iters: 400, epoch: 1 | loss: 0.1913430
	speed: 0.0411s/iter; left time: 439.3403s
	iters: 500, epoch: 1 | loss: 0.1801199
	speed: 0.0409s/iter; left time: 432.3371s
	iters: 600, epoch: 1 | loss: 0.1674430
	speed: 0.0410s/iter; left time: 429.6495s
	iters: 700, epoch: 1 | loss: 0.1838586
	speed: 0.0374s/iter; left time: 388.3930s
	iters: 800, epoch: 1 | loss: 0.1616718
	speed: 0.0414s/iter; left time: 426.0671s
	iters: 900, epoch: 1 | loss: 0.1779979
	speed: 0.0389s/iter; left time: 396.3159s
	iters: 1000, epoch: 1 | loss: 0.1837846
	speed: 0.0399s/iter; left time: 402.5057s
	iters: 1100, epoch: 1 | loss: 0.1576903
	speed: 0.0406s/iter; left time: 405.2433s
Epoch: 1 cost time: 45.343929290771484
Epoch: 1, Steps: 1108 | Train Loss: 0.1988647 Vali Loss: 0.1534502 Test Loss: 0.1765916
Validation loss decreased (inf --> 0.153450).  Saving model ...
Updating learning rate to 0.001
	iters: 100, epoch: 2 | loss: 0.2533906
	speed: 0.1585s/iter; left time: 1565.2680s
	iters: 200, epoch: 2 | loss: 0.1714166
	speed: 0.0388s/iter; left time: 379.4961s
	iters: 300, epoch: 2 | loss: 0.1935363
	speed: 0.0383s/iter; left time: 370.3499s
	iters: 400, epoch: 2 | loss: 0.2189688
	speed: 0.0504s/iter; left time: 482.0220s
	iters: 500, epoch: 2 | loss: 0.1532926
	speed: 0.0387s/iter; left time: 366.1490s
	iters: 600, epoch: 2 | loss: 0.1687995
	speed: 0.0372s/iter; left time: 348.4060s
	iters: 700, epoch: 2 | loss: 0.1712818
	speed: 0.0391s/iter; left time: 362.5488s
	iters: 800, epoch: 2 | loss: 0.1487343
	speed: 0.0370s/iter; left time: 339.8012s
	iters: 900, epoch: 2 | loss: 0.1579972
	speed: 0.0372s/iter; left time: 337.4019s
	iters: 1000, epoch: 2 | loss: 0.1480235
	speed: 0.0399s/iter; left time: 358.1605s
	iters: 1100, epoch: 2 | loss: 0.1888027
	speed: 0.0382s/iter; left time: 338.5781s
Epoch: 2 cost time: 43.90846371650696
Epoch: 2, Steps: 1108 | Train Loss: 0.1821592 Vali Loss: 0.1520416 Test Loss: 0.1772009
Validation loss decreased (0.153450 --> 0.152042).  Saving model ...
Updating learning rate to 0.0005
	iters: 100, epoch: 3 | loss: 0.1944083
	speed: 0.1726s/iter; left time: 1512.4153s
	iters: 200, epoch: 3 | loss: 0.1947090
	speed: 0.0417s/iter; left time: 361.3700s
	iters: 300, epoch: 3 | loss: 0.1448540
	speed: 0.0409s/iter; left time: 350.5096s
	iters: 400, epoch: 3 | loss: 0.1611073
	speed: 0.0424s/iter; left time: 358.8517s
	iters: 500, epoch: 3 | loss: 0.1688114
	speed: 0.0394s/iter; left time: 329.3871s
	iters: 600, epoch: 3 | loss: 0.1657682
	speed: 0.0408s/iter; left time: 337.2695s
	iters: 700, epoch: 3 | loss: 0.1966602
	speed: 0.0404s/iter; left time: 329.9628s
	iters: 800, epoch: 3 | loss: 0.2032803
	speed: 0.0380s/iter; left time: 306.8648s
	iters: 900, epoch: 3 | loss: 0.1815399
	speed: 0.0403s/iter; left time: 320.9842s
	iters: 1000, epoch: 3 | loss: 0.2122851
	speed: 0.0400s/iter; left time: 314.6056s
	iters: 1100, epoch: 3 | loss: 0.1654506
	speed: 0.0380s/iter; left time: 295.0576s
Epoch: 3 cost time: 45.15999102592468
Epoch: 3, Steps: 1108 | Train Loss: 0.1786743 Vali Loss: 0.1489190 Test Loss: 0.1745291
Validation loss decreased (0.152042 --> 0.148919).  Saving model ...
Updating learning rate to 0.00025
	iters: 100, epoch: 4 | loss: 0.2316477
	speed: 0.1620s/iter; left time: 1240.5177s
	iters: 200, epoch: 4 | loss: 0.1709934
	speed: 0.0392s/iter; left time: 296.3334s
	iters: 300, epoch: 4 | loss: 0.1584211
	speed: 0.0663s/iter; left time: 494.7663s
	iters: 400, epoch: 4 | loss: 0.1574709
	speed: 0.0722s/iter; left time: 531.5402s
	iters: 500, epoch: 4 | loss: 0.1902202
	speed: 0.0604s/iter; left time: 438.4054s
	iters: 600, epoch: 4 | loss: 0.1778407
	speed: 0.0507s/iter; left time: 363.0312s
	iters: 700, epoch: 4 | loss: 0.1640095
	speed: 0.0583s/iter; left time: 411.3844s
	iters: 800, epoch: 4 | loss: 0.1541857
	speed: 0.0491s/iter; left time: 341.4846s
	iters: 900, epoch: 4 | loss: 0.1451605
	speed: 0.0429s/iter; left time: 294.1582s
	iters: 1000, epoch: 4 | loss: 0.1572376
	speed: 0.0427s/iter; left time: 288.6684s
	iters: 1100, epoch: 4 | loss: 0.1614756
	speed: 0.0419s/iter; left time: 279.0119s
Epoch: 4 cost time: 56.807719707489014
Epoch: 4, Steps: 1108 | Train Loss: 0.1770340 Vali Loss: 0.1458138 Test Loss: 0.1704531
Validation loss decreased (0.148919 --> 0.145814).  Saving model ...
Updating learning rate to 0.000125
	iters: 100, epoch: 5 | loss: 0.1846375
	speed: 0.1789s/iter; left time: 1171.6309s
	iters: 200, epoch: 5 | loss: 0.1809883
	speed: 0.0434s/iter; left time: 279.6603s
	iters: 300, epoch: 5 | loss: 0.1672004
	speed: 0.0433s/iter; left time: 275.1518s
	iters: 400, epoch: 5 | loss: 0.1970572
	speed: 0.0409s/iter; left time: 255.6183s
	iters: 500, epoch: 5 | loss: 0.1920234
	speed: 0.0408s/iter; left time: 250.9704s
	iters: 600, epoch: 5 | loss: 0.1604331
	speed: 0.0398s/iter; left time: 240.8627s
	iters: 700, epoch: 5 | loss: 0.1945649
	speed: 0.0391s/iter; left time: 232.7941s
	iters: 800, epoch: 5 | loss: 0.2067907
	speed: 0.0423s/iter; left time: 247.7036s
	iters: 900, epoch: 5 | loss: 0.1643673
	speed: 0.0403s/iter; left time: 231.4729s
	iters: 1000, epoch: 5 | loss: 0.1790598
	speed: 0.0427s/iter; left time: 241.2401s
	iters: 1100, epoch: 5 | loss: 0.1724619
	speed: 0.0417s/iter; left time: 231.4038s
Epoch: 5 cost time: 46.52088212966919
Epoch: 5, Steps: 1108 | Train Loss: 0.1762092 Vali Loss: 0.1464553 Test Loss: 0.1712461
EarlyStopping counter: 1 out of 3
Updating learning rate to 6.25e-05
	iters: 100, epoch: 6 | loss: 0.2082712
	speed: 0.1814s/iter; left time: 986.8428s
	iters: 200, epoch: 6 | loss: 0.1897684
	speed: 0.0420s/iter; left time: 224.2061s
	iters: 300, epoch: 6 | loss: 0.1874434
	speed: 0.0429s/iter; left time: 225.0229s
	iters: 400, epoch: 6 | loss: 0.1447041
	speed: 0.0425s/iter; left time: 218.7358s
	iters: 500, epoch: 6 | loss: 0.1748116
	speed: 0.0420s/iter; left time: 211.6390s
	iters: 600, epoch: 6 | loss: 0.2066017
	speed: 0.0416s/iter; left time: 205.6864s
	iters: 700, epoch: 6 | loss: 0.1527591
	speed: 0.0400s/iter; left time: 193.8304s
	iters: 800, epoch: 6 | loss: 0.1564417
	speed: 0.0416s/iter; left time: 197.4194s
	iters: 900, epoch: 6 | loss: 0.2077571
	speed: 0.0410s/iter; left time: 190.4007s
	iters: 1000, epoch: 6 | loss: 0.1743290
	speed: 0.0399s/iter; left time: 181.3480s
	iters: 1100, epoch: 6 | loss: 0.1905693
	speed: 0.0405s/iter; left time: 179.9600s
Epoch: 6 cost time: 46.6853711605072
Epoch: 6, Steps: 1108 | Train Loss: 0.1757402 Vali Loss: 0.1453817 Test Loss: 0.1694264
Validation loss decreased (0.145814 --> 0.145382).  Saving model ...
Updating learning rate to 3.125e-05
	iters: 100, epoch: 7 | loss: 0.2148600
	speed: 0.1747s/iter; left time: 757.0668s
	iters: 200, epoch: 7 | loss: 0.1608049
	speed: 0.0422s/iter; left time: 178.7288s
	iters: 300, epoch: 7 | loss: 0.1937298
	speed: 0.0384s/iter; left time: 158.5609s
	iters: 400, epoch: 7 | loss: 0.1514197
	speed: 0.0414s/iter; left time: 166.8274s
	iters: 500, epoch: 7 | loss: 0.1645934
	speed: 0.0401s/iter; left time: 157.6049s
	iters: 600, epoch: 7 | loss: 0.1953911
	speed: 0.0402s/iter; left time: 154.2047s
	iters: 700, epoch: 7 | loss: 0.1478625
	speed: 0.0422s/iter; left time: 157.6884s
	iters: 800, epoch: 7 | loss: 0.1628143
	speed: 0.0413s/iter; left time: 150.1899s
	iters: 900, epoch: 7 | loss: 0.1718517
	speed: 0.0419s/iter; left time: 148.1515s
	iters: 1000, epoch: 7 | loss: 0.1691412
	speed: 0.0415s/iter; left time: 142.6003s
	iters: 1100, epoch: 7 | loss: 0.1797147
	speed: 0.0391s/iter; left time: 130.2045s
Epoch: 7 cost time: 45.67882204055786
Epoch: 7, Steps: 1108 | Train Loss: 0.1755279 Vali Loss: 0.1455125 Test Loss: 0.1700606
EarlyStopping counter: 1 out of 3
Updating learning rate to 1.5625e-05
	iters: 100, epoch: 8 | loss: 0.1861390
	speed: 0.1788s/iter; left time: 576.6911s
	iters: 200, epoch: 8 | loss: 0.1646348
	speed: 0.0431s/iter; left time: 134.6600s
	iters: 300, epoch: 8 | loss: 0.1917858
	speed: 0.0429s/iter; left time: 129.8835s
	iters: 400, epoch: 8 | loss: 0.1446969
	speed: 0.0424s/iter; left time: 124.0277s
	iters: 500, epoch: 8 | loss: 0.1501005
	speed: 0.0433s/iter; left time: 122.4256s
	iters: 600, epoch: 8 | loss: 0.1798788
	speed: 0.0410s/iter; left time: 111.6514s
	iters: 700, epoch: 8 | loss: 0.1467192
	speed: 0.0412s/iter; left time: 108.2125s
	iters: 800, epoch: 8 | loss: 0.1586150
	speed: 0.0418s/iter; left time: 105.5430s
	iters: 900, epoch: 8 | loss: 0.1432414
	speed: 0.0428s/iter; left time: 103.8677s
	iters: 1000, epoch: 8 | loss: 0.1588331
	speed: 0.0402s/iter; left time: 93.5113s
	iters: 1100, epoch: 8 | loss: 0.1969839
	speed: 0.0410s/iter; left time: 91.1965s
Epoch: 8 cost time: 46.78650212287903
Epoch: 8, Steps: 1108 | Train Loss: 0.1754022 Vali Loss: 0.1451739 Test Loss: 0.1696787
Validation loss decreased (0.145382 --> 0.145174).  Saving model ...
Updating learning rate to 7.8125e-06
	iters: 100, epoch: 9 | loss: 0.1900725
	speed: 0.1681s/iter; left time: 355.9604s
	iters: 200, epoch: 9 | loss: 0.1897115
	speed: 0.0428s/iter; left time: 86.3326s
	iters: 300, epoch: 9 | loss: 0.1748303
	speed: 0.0393s/iter; left time: 75.4115s
	iters: 400, epoch: 9 | loss: 0.1918992
	speed: 0.0385s/iter; left time: 69.9131s
	iters: 500, epoch: 9 | loss: 0.1594637
	speed: 0.0444s/iter; left time: 76.2128s
	iters: 600, epoch: 9 | loss: 0.1601389
	speed: 0.0409s/iter; left time: 66.1999s
	iters: 700, epoch: 9 | loss: 0.1601134
	speed: 0.0409s/iter; left time: 62.1136s
	iters: 800, epoch: 9 | loss: 0.1677135
	speed: 0.0427s/iter; left time: 60.4660s
	iters: 900, epoch: 9 | loss: 0.1705783
	speed: 0.0449s/iter; left time: 59.0682s
	iters: 1000, epoch: 9 | loss: 0.1686967
	speed: 0.0403s/iter; left time: 49.0855s
	iters: 1100, epoch: 9 | loss: 0.2159118
	speed: 0.0418s/iter; left time: 46.6701s
Epoch: 9 cost time: 46.25969624519348
Epoch: 9, Steps: 1108 | Train Loss: 0.1753297 Vali Loss: 0.1450964 Test Loss: 0.1695909
Validation loss decreased (0.145174 --> 0.145096).  Saving model ...
Updating learning rate to 3.90625e-06
	iters: 100, epoch: 10 | loss: 0.1669491
	speed: 0.1767s/iter; left time: 178.2892s
	iters: 200, epoch: 10 | loss: 0.1593959
	speed: 0.0396s/iter; left time: 36.0189s
	iters: 300, epoch: 10 | loss: 0.1599713
	speed: 0.0417s/iter; left time: 33.7236s
	iters: 400, epoch: 10 | loss: 0.1469357
	speed: 0.0406s/iter; left time: 28.7541s
	iters: 500, epoch: 10 | loss: 0.1548526
	speed: 0.0433s/iter; left time: 26.3744s
	iters: 600, epoch: 10 | loss: 0.1568447
	speed: 0.0414s/iter; left time: 21.0537s
	iters: 700, epoch: 10 | loss: 0.1593785
	speed: 0.0410s/iter; left time: 16.7727s
	iters: 800, epoch: 10 | loss: 0.2027160
	speed: 0.0409s/iter; left time: 12.6363s
	iters: 900, epoch: 10 | loss: 0.1648656
	speed: 0.0417s/iter; left time: 8.7071s
	iters: 1000, epoch: 10 | loss: 0.1846497
	speed: 0.0400s/iter; left time: 4.3580s
	iters: 1100, epoch: 10 | loss: 0.1985345
	speed: 0.0423s/iter; left time: 0.3805s
Epoch: 10 cost time: 45.859437227249146
Epoch: 10, Steps: 1108 | Train Loss: 0.1753118 Vali Loss: 0.1450198 Test Loss: 0.1694322
Validation loss decreased (0.145096 --> 0.145020).  Saving model ...
Updating learning rate to 1.953125e-06
>>>>>>>testing : Electricity_336_336_DLinear_custom_ftM_sl336_ll48_pl336_dm512_nh8_el2_dl1_df2048_fc1_ebtimeF_dtTrue_Exp_0<<<<<<<<<<<<<<<<<<<<<<<<<<<<<<<<<
test 4925
