Args in experiment:
Namespace(activation='gelu', batch_size=32, c_out=7, checkpoints='./checkpoints/', d_ff=2048, d_layers=1, d_model=512, data='custom', data_path='exchange_rate.csv', dec_in=7, des='Exp', devices='0,1,2,3', distil=True, do_predict=False, dropout=0.05, e_layers=2, embed='timeF', embed_type=0, enc_in=8, factor=1, features='M', freq='h', gpu=0, individual=False, is_training=1, itr=1, label_len=48, learning_rate=0.0005, loss='mse', lradj='type1', model='DLinear', model_id='Exchange_336_720', moving_avg=25, n_heads=8, num_workers=10, output_attention=False, patience=3, pred_len=720, root_path='./dataset/', seq_len=336, target='OT', test_flop=False, train_epochs=10, train_only=False, use_amp=False, use_gpu=False, use_multi_gpu=False)
Use CPU
>>>>>>>start training : Exchange_336_720_DLinear_custom_ftM_sl336_ll48_pl720_dm512_nh8_el2_dl1_df2048_fc1_ebtimeF_dtTrue_Exp_0>>>>>>>>>>>>>>>>>>>>>>>>>>
train 4256
val 41
test 798
	iters: 100, epoch: 1 | loss: 0.6386400
	speed: 0.0122s/iter; left time: 15.0680s
Epoch: 1 cost time: 1.58355712890625
Epoch: 1, Steps: 133 | Train Loss: 0.6125983 Vali Loss: 3.5766106 Test Loss: 0.8976637
Validation loss decreased (inf --> 3.576611).  Saving model ...
Updating learning rate to 0.0005
	iters: 100, epoch: 2 | loss: 0.4675981
	speed: 0.0230s/iter; left time: 25.2943s
Epoch: 2 cost time: 1.8303380012512207
Epoch: 2, Steps: 133 | Train Loss: 0.5626727 Vali Loss: 3.9286814 Test Loss: 1.0922912
EarlyStopping counter: 1 out of 3
Updating learning rate to 0.00025
	iters: 100, epoch: 3 | loss: 0.5350161
	speed: 0.0232s/iter; left time: 22.3527s
Epoch: 3 cost time: 1.6385118961334229
Epoch: 3, Steps: 133 | Train Loss: 0.5563728 Vali Loss: 4.1991758 Test Loss: 1.3104287
EarlyStopping counter: 2 out of 3
Updating learning rate to 0.000125
	iters: 100, epoch: 4 | loss: 0.5368670
	speed: 0.0228s/iter; left time: 18.9912s
Epoch: 4 cost time: 1.6271133422851562
Epoch: 4, Steps: 133 | Train Loss: 0.5541934 Vali Loss: 4.0212927 Test Loss: 1.1934381
EarlyStopping counter: 3 out of 3
Early stopping
>>>>>>>testing : Exchange_336_720_DLinear_custom_ftM_sl336_ll48_pl720_dm512_nh8_el2_dl1_df2048_fc1_ebtimeF_dtTrue_Exp_0<<<<<<<<<<<<<<<<<<<<<<<<<<<<<<<<<
test 798
mse:0.8976620435714722, mae:0.7250791192054749
