Args in experiment:
Namespace(activation='gelu', batch_size=16, c_out=7, checkpoints='./checkpoints/', d_ff=2048, d_layers=1, d_model=512, data='custom', data_path='electricity.csv', dec_in=7, des='Exp', devices='0,1,2,3', distil=True, do_predict=False, dropout=0.05, e_layers=2, embed='timeF', embed_type=0, enc_in=321, factor=1, features='M', freq='h', gpu=0, individual=False, is_training=1, itr=1, label_len=48, learning_rate=0.001, loss='mse', lradj='type1', model='DLinear', model_id='Electricity_336_720', moving_avg=25, n_heads=8, num_workers=10, output_attention=False, patience=3, pred_len=720, root_path='./dataset/', seq_len=336, target='OT', test_flop=False, train_epochs=10, train_only=False, use_amp=False, use_gpu=False, use_multi_gpu=False)
Use CPU
>>>>>>>start training : Electricity_336_720_DLinear_custom_ftM_sl336_ll48_pl720_dm512_nh8_el2_dl1_df2048_fc1_ebtimeF_dtTrue_Exp_0>>>>>>>>>>>>>>>>>>>>>>>>>>
train 17357
val 1913
test 4541
	iters: 100, epoch: 1 | loss: 0.2744448
	speed: 0.1035s/iter; left time: 1111.6837s
	iters: 200, epoch: 1 | loss: 0.2586887
	speed: 0.0758s/iter; left time: 806.4266s
	iters: 300, epoch: 1 | loss: 0.2018441
	speed: 0.0739s/iter; left time: 778.7399s
	iters: 400, epoch: 1 | loss: 0.2082389
	speed: 0.0679s/iter; left time: 709.3249s
	iters: 500, epoch: 1 | loss: 0.2894730
	speed: 0.0683s/iter; left time: 706.2898s
	iters: 600, epoch: 1 | loss: 0.2066353
	speed: 0.0676s/iter; left time: 691.9179s
	iters: 700, epoch: 1 | loss: 0.2416746
	speed: 0.0680s/iter; left time: 689.3793s
	iters: 800, epoch: 1 | loss: 0.2444583
	speed: 0.0678s/iter; left time: 680.8824s
	iters: 900, epoch: 1 | loss: 0.2434834
	speed: 0.0677s/iter; left time: 673.3069s
	iters: 1000, epoch: 1 | loss: 0.2420011
	speed: 0.0715s/iter; left time: 703.5655s
Epoch: 1 cost time: 79.67042088508606
Epoch: 1, Steps: 1084 | Train Loss: 0.2378909 Vali Loss: 0.1811139 Test Loss: 0.2121696
Validation loss decreased (inf --> 0.181114).  Saving model ...
Updating learning rate to 0.001
	iters: 100, epoch: 2 | loss: 0.2330038
	speed: 0.3474s/iter; left time: 3354.9092s
	iters: 200, epoch: 2 | loss: 0.2197639
	speed: 0.0765s/iter; left time: 731.1468s
	iters: 300, epoch: 2 | loss: 0.2317783
	speed: 0.0735s/iter; left time: 694.8004s
	iters: 400, epoch: 2 | loss: 0.2140980
	speed: 0.0749s/iter; left time: 700.7475s
	iters: 500, epoch: 2 | loss: 0.2104064
	speed: 0.0731s/iter; left time: 676.8936s
	iters: 600, epoch: 2 | loss: 0.2566913
	speed: 0.0775s/iter; left time: 709.6317s
	iters: 700, epoch: 2 | loss: 0.2135934
	speed: 0.0766s/iter; left time: 693.7345s
	iters: 800, epoch: 2 | loss: 0.2342722
	speed: 0.0777s/iter; left time: 696.2118s
	iters: 900, epoch: 2 | loss: 0.2357696
	speed: 0.0875s/iter; left time: 775.0741s
	iters: 1000, epoch: 2 | loss: 0.2252119
	speed: 0.0755s/iter; left time: 660.8618s
Epoch: 2 cost time: 83.83515882492065
Epoch: 2, Steps: 1084 | Train Loss: 0.2218178 Vali Loss: 0.1767024 Test Loss: 0.2090596
Validation loss decreased (0.181114 --> 0.176702).  Saving model ...
Updating learning rate to 0.0005
	iters: 100, epoch: 3 | loss: 0.2576621
	speed: 0.3329s/iter; left time: 2853.7685s
	iters: 200, epoch: 3 | loss: 0.1968541
	speed: 0.0705s/iter; left time: 597.3865s
	iters: 300, epoch: 3 | loss: 0.2021221
	speed: 0.0704s/iter; left time: 589.6997s
	iters: 400, epoch: 3 | loss: 0.2086315
	speed: 0.0709s/iter; left time: 586.8705s
	iters: 500, epoch: 3 | loss: 0.1868197
	speed: 0.0713s/iter; left time: 582.4723s
	iters: 600, epoch: 3 | loss: 0.2130412
	speed: 0.0717s/iter; left time: 578.4596s
	iters: 700, epoch: 3 | loss: 0.2002101
	speed: 0.0906s/iter; left time: 722.4435s
	iters: 800, epoch: 3 | loss: 0.2131144
	speed: 0.0717s/iter; left time: 564.2251s
	iters: 900, epoch: 3 | loss: 0.2186134
	speed: 0.0686s/iter; left time: 533.5279s
	iters: 1000, epoch: 3 | loss: 0.2074486
	speed: 0.0686s/iter; left time: 526.0343s
Epoch: 3 cost time: 78.45308041572571
Epoch: 3, Steps: 1084 | Train Loss: 0.2174631 Vali Loss: 0.1768249 Test Loss: 0.2075816
EarlyStopping counter: 1 out of 3
Updating learning rate to 0.00025
	iters: 100, epoch: 4 | loss: 0.1946626
	speed: 0.3165s/iter; left time: 2370.0661s
	iters: 200, epoch: 4 | loss: 0.2346689
	speed: 0.0682s/iter; left time: 503.7373s
	iters: 300, epoch: 4 | loss: 0.2229389
	speed: 0.0688s/iter; left time: 501.6158s
	iters: 400, epoch: 4 | loss: 0.2212362
	speed: 0.0690s/iter; left time: 496.0643s
	iters: 500, epoch: 4 | loss: 0.2221973
	speed: 0.0695s/iter; left time: 492.5645s
	iters: 600, epoch: 4 | loss: 0.2108852
	speed: 0.0688s/iter; left time: 480.8535s
	iters: 700, epoch: 4 | loss: 0.2081058
	speed: 0.0681s/iter; left time: 469.0882s
	iters: 800, epoch: 4 | loss: 0.2020999
	speed: 0.0682s/iter; left time: 463.2258s
	iters: 900, epoch: 4 | loss: 0.2218940
	speed: 0.0690s/iter; left time: 461.8732s
	iters: 1000, epoch: 4 | loss: 0.2311286
	speed: 0.0681s/iter; left time: 448.6397s
Epoch: 4 cost time: 74.60824966430664
Epoch: 4, Steps: 1084 | Train Loss: 0.2157644 Vali Loss: 0.1723604 Test Loss: 0.2043557
Validation loss decreased (0.176702 --> 0.172360).  Saving model ...
Updating learning rate to 0.000125
	iters: 100, epoch: 5 | loss: 0.2682507
	speed: 0.3030s/iter; left time: 1940.8222s
	iters: 200, epoch: 5 | loss: 0.2038100
	speed: 0.0696s/iter; left time: 438.7236s
	iters: 300, epoch: 5 | loss: 0.1942066
	speed: 0.0679s/iter; left time: 421.2084s
	iters: 400, epoch: 5 | loss: 0.2046271
	speed: 0.0682s/iter; left time: 416.0940s
	iters: 500, epoch: 5 | loss: 0.1990888
	speed: 0.0686s/iter; left time: 412.0327s
	iters: 600, epoch: 5 | loss: 0.2401811
	speed: 0.0684s/iter; left time: 404.0792s
	iters: 700, epoch: 5 | loss: 0.2302469
	speed: 0.0679s/iter; left time: 393.9107s
	iters: 800, epoch: 5 | loss: 0.2213179
	speed: 0.0685s/iter; left time: 390.8088s
	iters: 900, epoch: 5 | loss: 0.2222828
	speed: 0.0687s/iter; left time: 384.8174s
	iters: 1000, epoch: 5 | loss: 0.1893378
	speed: 0.0683s/iter; left time: 375.8739s
Epoch: 5 cost time: 74.63492250442505
Epoch: 5, Steps: 1084 | Train Loss: 0.2148378 Vali Loss: 0.1732283 Test Loss: 0.2056037
EarlyStopping counter: 1 out of 3
Updating learning rate to 6.25e-05
	iters: 100, epoch: 6 | loss: 0.2238937
	speed: 0.3035s/iter; left time: 1614.9989s
	iters: 200, epoch: 6 | loss: 0.1888304
	speed: 0.0674s/iter; left time: 351.9468s
	iters: 300, epoch: 6 | loss: 0.2260992
	speed: 0.0756s/iter; left time: 387.1465s
	iters: 400, epoch: 6 | loss: 0.2192310
	speed: 0.0693s/iter; left time: 347.8925s
	iters: 500, epoch: 6 | loss: 0.2452989
	speed: 0.0693s/iter; left time: 340.9524s
	iters: 600, epoch: 6 | loss: 0.2493394
	speed: 0.0685s/iter; left time: 330.1070s
	iters: 700, epoch: 6 | loss: 0.2213839
	speed: 0.0701s/iter; left time: 331.1042s
	iters: 800, epoch: 6 | loss: 0.2204447
	speed: 0.0685s/iter; left time: 316.5192s
	iters: 900, epoch: 6 | loss: 0.2226448
	speed: 0.0696s/iter; left time: 314.6734s
	iters: 1000, epoch: 6 | loss: 0.2053587
	speed: 0.0700s/iter; left time: 309.3590s
Epoch: 6 cost time: 75.71433973312378
Epoch: 6, Steps: 1084 | Train Loss: 0.2143450 Vali Loss: 0.1725520 Test Loss: 0.2035674
EarlyStopping counter: 2 out of 3
Updating learning rate to 3.125e-05
	iters: 100, epoch: 7 | loss: 0.2327346
	speed: 0.3100s/iter; left time: 1313.4781s
	iters: 200, epoch: 7 | loss: 0.2284542
	speed: 0.0684s/iter; left time: 283.1493s
	iters: 300, epoch: 7 | loss: 0.2039651
	speed: 0.0685s/iter; left time: 276.5613s
	iters: 400, epoch: 7 | loss: 0.2616265
	speed: 0.0687s/iter; left time: 270.5542s
	iters: 500, epoch: 7 | loss: 0.1827707
	speed: 0.0690s/iter; left time: 264.7600s
	iters: 600, epoch: 7 | loss: 0.2232877
	speed: 0.0687s/iter; left time: 256.5466s
	iters: 700, epoch: 7 | loss: 0.2298750
	speed: 0.0685s/iter; left time: 249.3042s
	iters: 800, epoch: 7 | loss: 0.2203191
	speed: 0.0690s/iter; left time: 244.1606s
	iters: 900, epoch: 7 | loss: 0.2150340
	speed: 0.0705s/iter; left time: 242.3179s
	iters: 1000, epoch: 7 | loss: 0.2017694
	speed: 0.0690s/iter; left time: 230.3670s
Epoch: 7 cost time: 75.17654299736023
Epoch: 7, Steps: 1084 | Train Loss: 0.2140607 Vali Loss: 0.1726573 Test Loss: 0.2049464
EarlyStopping counter: 3 out of 3
Early stopping
>>>>>>>testing : Electricity_336_720_DLinear_custom_ftM_sl336_ll48_pl720_dm512_nh8_el2_dl1_df2048_fc1_ebtimeF_dtTrue_Exp_0<<<<<<<<<<<<<<<<<<<<<<<<<<<<<<<<<
test 4541
