Args in experiment:
Namespace(activation='gelu', batch_size=8, c_out=7, checkpoints='./checkpoints/', d_ff=2048, d_layers=1, d_model=512, data='custom', data_path='exchange_rate.csv', dec_in=7, des='Exp', devices='0,1,2,3', distil=True, do_predict=False, dropout=0.05, e_layers=2, embed='timeF', embed_type=0, enc_in=8, factor=1, features='M', freq='h', gpu=0, individual=False, is_training=1, itr=1, label_len=48, learning_rate=0.0005, loss='mse', lradj='type1', model='DLinear', model_id='Exchange_720_192', moving_avg=25, n_heads=8, num_workers=10, output_attention=False, patience=3, pred_len=192, root_path='./dataset/', seq_len=720, target='OT', test_flop=False, train_epochs=10, train_only=False, use_amp=False, use_gpu=False, use_multi_gpu=False)
Use CPU
>>>>>>>start training : Exchange_720_192_DLinear_custom_ftM_sl720_ll48_pl192_dm512_nh8_el2_dl1_df2048_fc1_ebtimeF_dtTrue_Exp_0>>>>>>>>>>>>>>>>>>>>>>>>>>
train 4400
val 569
test 1326
	iters: 100, epoch: 1 | loss: 0.2322352
	speed: 0.0072s/iter; left time: 39.0238s
	iters: 200, epoch: 1 | loss: 0.2342007
	speed: 0.0048s/iter; left time: 25.6840s
	iters: 300, epoch: 1 | loss: 0.3029866
	speed: 0.0046s/iter; left time: 23.7748s
	iters: 400, epoch: 1 | loss: 0.2960482
	speed: 0.0043s/iter; left time: 21.7722s
	iters: 500, epoch: 1 | loss: 0.1434903
	speed: 0.0046s/iter; left time: 23.0800s
Epoch: 1 cost time: 2.784097671508789
Epoch: 1, Steps: 550 | Train Loss: 0.2817067 Vali Loss: 0.4773535 Test Loss: 0.3103242
Validation loss decreased (inf --> 0.477354).  Saving model ...
Updating learning rate to 0.0005
	iters: 100, epoch: 2 | loss: 0.2930700
	speed: 0.0178s/iter; left time: 86.4252s
	iters: 200, epoch: 2 | loss: 0.2053130
	speed: 0.0044s/iter; left time: 20.8617s
	iters: 300, epoch: 2 | loss: 0.2485740
	speed: 0.0047s/iter; left time: 21.9662s
	iters: 400, epoch: 2 | loss: 0.2693457
	speed: 0.0048s/iter; left time: 22.0590s
	iters: 500, epoch: 2 | loss: 0.2879833
	speed: 0.0046s/iter; left time: 20.4427s
Epoch: 2 cost time: 2.8707895278930664
Epoch: 2, Steps: 550 | Train Loss: 0.2435307 Vali Loss: 0.5428092 Test Loss: 0.2978560
EarlyStopping counter: 1 out of 3
Updating learning rate to 0.00025
	iters: 100, epoch: 3 | loss: 0.2272145
	speed: 0.0198s/iter; left time: 85.2156s
	iters: 200, epoch: 3 | loss: 0.2105730
	speed: 0.0062s/iter; left time: 26.0296s
	iters: 300, epoch: 3 | loss: 0.2171994
	speed: 0.0048s/iter; left time: 19.6885s
	iters: 400, epoch: 3 | loss: 0.2082461
	speed: 0.0064s/iter; left time: 25.6469s
	iters: 500, epoch: 3 | loss: 0.1531872
	speed: 0.0053s/iter; left time: 20.5039s
Epoch: 3 cost time: 3.1117303371429443
Epoch: 3, Steps: 550 | Train Loss: 0.2306977 Vali Loss: 0.3183686 Test Loss: 0.1687412
Validation loss decreased (0.477354 --> 0.318369).  Saving model ...
Updating learning rate to 0.000125
	iters: 100, epoch: 4 | loss: 0.2395570
	speed: 0.0190s/iter; left time: 71.3582s
	iters: 200, epoch: 4 | loss: 0.1721180
	speed: 0.0043s/iter; left time: 15.6345s
	iters: 300, epoch: 4 | loss: 0.2770101
	speed: 0.0046s/iter; left time: 16.2074s
	iters: 400, epoch: 4 | loss: 0.2098944
	speed: 0.0069s/iter; left time: 23.8497s
	iters: 500, epoch: 4 | loss: 0.4013992
	speed: 0.0052s/iter; left time: 17.2793s
Epoch: 4 cost time: 3.0431864261627197
Epoch: 4, Steps: 550 | Train Loss: 0.2258586 Vali Loss: 0.4284607 Test Loss: 0.2117964
EarlyStopping counter: 1 out of 3
Updating learning rate to 6.25e-05
	iters: 100, epoch: 5 | loss: 0.1865838
	speed: 0.0203s/iter; left time: 64.8345s
	iters: 200, epoch: 5 | loss: 0.1693344
	speed: 0.0047s/iter; left time: 14.5340s
	iters: 300, epoch: 5 | loss: 0.1646521
	speed: 0.0059s/iter; left time: 17.8205s
	iters: 400, epoch: 5 | loss: 0.2132766
	speed: 0.0049s/iter; left time: 14.2787s
	iters: 500, epoch: 5 | loss: 0.3169146
	speed: 0.0060s/iter; left time: 16.6759s
Epoch: 5 cost time: 3.1698741912841797
Epoch: 5, Steps: 550 | Train Loss: 0.2228432 Vali Loss: 0.4640405 Test Loss: 0.2359465
EarlyStopping counter: 2 out of 3
Updating learning rate to 3.125e-05
	iters: 100, epoch: 6 | loss: 0.1587572
	speed: 0.0199s/iter; left time: 52.8619s
	iters: 200, epoch: 6 | loss: 0.1355709
	speed: 0.0051s/iter; left time: 12.8918s
	iters: 300, epoch: 6 | loss: 0.2875980
	speed: 0.0043s/iter; left time: 10.6394s
	iters: 400, epoch: 6 | loss: 0.3830282
	speed: 0.0068s/iter; left time: 16.0036s
	iters: 500, epoch: 6 | loss: 0.4017542
	speed: 0.0056s/iter; left time: 12.6487s
Epoch: 6 cost time: 3.185518741607666
Epoch: 6, Steps: 550 | Train Loss: 0.2220165 Vali Loss: 0.4647705 Test Loss: 0.2522297
EarlyStopping counter: 3 out of 3
Early stopping
>>>>>>>testing : Exchange_720_192_DLinear_custom_ftM_sl720_ll48_pl192_dm512_nh8_el2_dl1_df2048_fc1_ebtimeF_dtTrue_Exp_0<<<<<<<<<<<<<<<<<<<<<<<<<<<<<<<<<
test 1326
mse:0.16869650781154633, mae:0.2988816201686859
