Args in experiment:
Namespace(activation='gelu', batch_size=8, c_out=7, checkpoints='./checkpoints/', d_ff=2048, d_layers=1, d_model=512, data='custom', data_path='exchange_rate.csv', dec_in=7, des='Exp', devices='0,1,2,3', distil=True, do_predict=False, dropout=0.05, e_layers=2, embed='timeF', embed_type=0, enc_in=8, factor=1, features='M', freq='h', gpu=0, individual=False, is_training=1, itr=1, label_len=48, learning_rate=0.0005, loss='mse', lradj='type1', model='NLinear', model_id='Exchange_96_192', moving_avg=25, n_heads=8, num_workers=10, output_attention=False, patience=3, pred_len=192, root_path='./dataset/', seq_len=96, target='OT', test_flop=False, train_epochs=10, train_only=False, use_amp=False, use_gpu=False, use_multi_gpu=False)
Use CPU
>>>>>>>start training : Exchange_96_192_NLinear_custom_ftM_sl96_ll48_pl192_dm512_nh8_el2_dl1_df2048_fc1_ebtimeF_dtTrue_Exp_0>>>>>>>>>>>>>>>>>>>>>>>>>>
train 5024
val 569
test 1326
	iters: 100, epoch: 1 | loss: 0.1858135
	speed: 0.0039s/iter; left time: 24.3212s
	iters: 200, epoch: 1 | loss: 0.2871019
	speed: 0.0022s/iter; left time: 13.1385s
	iters: 300, epoch: 1 | loss: 0.3053854
	speed: 0.0021s/iter; left time: 12.5088s
	iters: 400, epoch: 1 | loss: 0.3014805
	speed: 0.0020s/iter; left time: 11.8984s
	iters: 500, epoch: 1 | loss: 0.2043729
	speed: 0.0020s/iter; left time: 11.5052s
	iters: 600, epoch: 1 | loss: 0.2374614
	speed: 0.0018s/iter; left time: 10.2205s
Epoch: 1 cost time: 1.4614942073822021
Epoch: 1, Steps: 628 | Train Loss: 0.2517146 Vali Loss: 0.2247729 Test Loss: 0.1761399
Validation loss decreased (inf --> 0.224773).  Saving model ...
Updating learning rate to 0.0005
	iters: 100, epoch: 2 | loss: 0.2115067
	speed: 0.0121s/iter; left time: 67.0482s
	iters: 200, epoch: 2 | loss: 0.3223533
	speed: 0.0021s/iter; left time: 11.3210s
	iters: 300, epoch: 2 | loss: 0.1428610
	speed: 0.0020s/iter; left time: 10.9639s
	iters: 400, epoch: 2 | loss: 0.1566120
	speed: 0.0019s/iter; left time: 10.0435s
	iters: 500, epoch: 2 | loss: 0.1269348
	speed: 0.0020s/iter; left time: 10.2337s
	iters: 600, epoch: 2 | loss: 0.1782796
	speed: 0.0021s/iter; left time: 10.4415s
Epoch: 2 cost time: 1.4601593017578125
Epoch: 2, Steps: 628 | Train Loss: 0.2486307 Vali Loss: 0.2225201 Test Loss: 0.1758463
Validation loss decreased (0.224773 --> 0.222520).  Saving model ...
Updating learning rate to 0.00025
	iters: 100, epoch: 3 | loss: 0.2316212
	speed: 0.0119s/iter; left time: 58.4312s
	iters: 200, epoch: 3 | loss: 0.2409099
	speed: 0.0019s/iter; left time: 8.9359s
	iters: 300, epoch: 3 | loss: 0.1729381
	speed: 0.0022s/iter; left time: 10.3429s
	iters: 400, epoch: 3 | loss: 0.1669010
	speed: 0.0022s/iter; left time: 10.0867s
	iters: 500, epoch: 3 | loss: 0.1765767
	speed: 0.0020s/iter; left time: 9.0629s
	iters: 600, epoch: 3 | loss: 0.1781694
	speed: 0.0020s/iter; left time: 8.7884s
Epoch: 3 cost time: 1.4519140720367432
Epoch: 3, Steps: 628 | Train Loss: 0.2478657 Vali Loss: 0.2234130 Test Loss: 0.1757537
EarlyStopping counter: 1 out of 3
Updating learning rate to 0.000125
	iters: 100, epoch: 4 | loss: 0.4713728
	speed: 0.0130s/iter; left time: 56.0306s
	iters: 200, epoch: 4 | loss: 0.1648002
	speed: 0.0022s/iter; left time: 9.0248s
	iters: 300, epoch: 4 | loss: 0.2837460
	speed: 0.0022s/iter; left time: 9.1186s
	iters: 400, epoch: 4 | loss: 0.2620424
	speed: 0.0021s/iter; left time: 8.3994s
	iters: 500, epoch: 4 | loss: 0.4775337
	speed: 0.0021s/iter; left time: 8.3577s
	iters: 600, epoch: 4 | loss: 0.1610397
	speed: 0.0022s/iter; left time: 8.2541s
Epoch: 4 cost time: 1.549868106842041
Epoch: 4, Steps: 628 | Train Loss: 0.2474985 Vali Loss: 0.2231005 Test Loss: 0.1764412
EarlyStopping counter: 2 out of 3
Updating learning rate to 6.25e-05
	iters: 100, epoch: 5 | loss: 0.3302079
	speed: 0.0130s/iter; left time: 47.5319s
	iters: 200, epoch: 5 | loss: 0.2993749
	speed: 0.0021s/iter; left time: 7.5167s
	iters: 300, epoch: 5 | loss: 0.1571557
	speed: 0.0020s/iter; left time: 6.9365s
	iters: 400, epoch: 5 | loss: 0.1570784
	speed: 0.0022s/iter; left time: 7.3820s
	iters: 500, epoch: 5 | loss: 0.1181024
	speed: 0.0022s/iter; left time: 7.2786s
	iters: 600, epoch: 5 | loss: 0.1287464
	speed: 0.0022s/iter; left time: 6.9783s
Epoch: 5 cost time: 1.555762529373169
Epoch: 5, Steps: 628 | Train Loss: 0.2474100 Vali Loss: 0.2230387 Test Loss: 0.1762058
EarlyStopping counter: 3 out of 3
Early stopping
>>>>>>>testing : Exchange_96_192_NLinear_custom_ftM_sl96_ll48_pl192_dm512_nh8_el2_dl1_df2048_fc1_ebtimeF_dtTrue_Exp_0<<<<<<<<<<<<<<<<<<<<<<<<<<<<<<<<<
test 1326
mse:0.17578426003456116, mae:0.29603520035743713
