Args in experiment:
Namespace(activation='gelu', batch_size=8, c_out=7, checkpoints='./checkpoints/', d_ff=2048, d_layers=1, d_model=512, data='custom', data_path='exchange_rate.csv', dec_in=7, des='Exp', devices='0,1,2,3', distil=True, do_predict=False, dropout=0.05, e_layers=2, embed='timeF', embed_type=0, enc_in=8, factor=1, features='M', freq='h', gpu=0, individual=False, is_training=1, itr=1, label_len=48, learning_rate=0.0005, loss='mse', lradj='type1', model='NLinear', model_id='Exchange_96_96', moving_avg=25, n_heads=8, num_workers=10, output_attention=False, patience=3, pred_len=96, root_path='./dataset/', seq_len=96, target='OT', test_flop=False, train_epochs=10, train_only=False, use_amp=False, use_gpu=False, use_multi_gpu=False)
Use CPU
>>>>>>>start training : Exchange_96_96_NLinear_custom_ftM_sl96_ll48_pl96_dm512_nh8_el2_dl1_df2048_fc1_ebtimeF_dtTrue_Exp_0>>>>>>>>>>>>>>>>>>>>>>>>>>
train 5120
val 665
test 1422
	iters: 100, epoch: 1 | loss: 0.0641121
	speed: 0.0038s/iter; left time: 24.2183s
	iters: 200, epoch: 1 | loss: 0.0994655
	speed: 0.0016s/iter; left time: 9.9081s
	iters: 300, epoch: 1 | loss: 0.0800907
	speed: 0.0021s/iter; left time: 12.8896s
	iters: 400, epoch: 1 | loss: 0.2380629
	speed: 0.0017s/iter; left time: 10.4707s
	iters: 500, epoch: 1 | loss: 0.2707592
	speed: 0.0017s/iter; left time: 9.9970s
	iters: 600, epoch: 1 | loss: 0.0951592
	speed: 0.0024s/iter; left time: 14.0584s
Epoch: 1 cost time: 1.4390921592712402
Epoch: 1, Steps: 640 | Train Loss: 0.1257643 Vali Loss: 0.1261130 Test Loss: 0.0857138
Validation loss decreased (inf --> 0.126113).  Saving model ...
Updating learning rate to 0.0005
	iters: 100, epoch: 2 | loss: 0.0843901
	speed: 0.0134s/iter; left time: 75.6889s
	iters: 200, epoch: 2 | loss: 0.1646121
	speed: 0.0017s/iter; left time: 9.7095s
	iters: 300, epoch: 2 | loss: 0.2341626
	speed: 0.0020s/iter; left time: 10.7981s
	iters: 400, epoch: 2 | loss: 0.0852108
	speed: 0.0018s/iter; left time: 9.4623s
	iters: 500, epoch: 2 | loss: 0.1830011
	speed: 0.0020s/iter; left time: 10.6372s
	iters: 600, epoch: 2 | loss: 0.0771320
	speed: 0.0020s/iter; left time: 10.2446s
Epoch: 2 cost time: 1.4982798099517822
Epoch: 2, Steps: 640 | Train Loss: 0.1231674 Vali Loss: 0.1271890 Test Loss: 0.0845982
EarlyStopping counter: 1 out of 3
Updating learning rate to 0.00025
	iters: 100, epoch: 3 | loss: 0.1107885
	speed: 0.0130s/iter; left time: 65.0332s
	iters: 200, epoch: 3 | loss: 0.0925273
	speed: 0.0020s/iter; left time: 10.0283s
	iters: 300, epoch: 3 | loss: 0.1323889
	speed: 0.0021s/iter; left time: 9.9155s
	iters: 400, epoch: 3 | loss: 0.0994069
	speed: 0.0020s/iter; left time: 9.2391s
	iters: 500, epoch: 3 | loss: 0.1150682
	speed: 0.0020s/iter; left time: 9.2933s
	iters: 600, epoch: 3 | loss: 0.0633669
	speed: 0.0020s/iter; left time: 9.1066s
Epoch: 3 cost time: 1.5217983722686768
Epoch: 3, Steps: 640 | Train Loss: 0.1225815 Vali Loss: 0.1282345 Test Loss: 0.0843536
EarlyStopping counter: 2 out of 3
Updating learning rate to 0.000125
	iters: 100, epoch: 4 | loss: 0.1286068
	speed: 0.0148s/iter; left time: 64.6655s
	iters: 200, epoch: 4 | loss: 0.2065244
	speed: 0.0017s/iter; left time: 7.1788s
	iters: 300, epoch: 4 | loss: 0.0610316
	speed: 0.0015s/iter; left time: 6.2447s
	iters: 400, epoch: 4 | loss: 0.2288022
	speed: 0.0021s/iter; left time: 8.4748s
	iters: 500, epoch: 4 | loss: 0.1646314
	speed: 0.0020s/iter; left time: 7.8800s
	iters: 600, epoch: 4 | loss: 0.0684512
	speed: 0.0020s/iter; left time: 7.9379s
Epoch: 4 cost time: 1.4588487148284912
Epoch: 4, Steps: 640 | Train Loss: 0.1222586 Vali Loss: 0.1279611 Test Loss: 0.0841754
EarlyStopping counter: 3 out of 3
Early stopping
>>>>>>>testing : Exchange_96_96_NLinear_custom_ftM_sl96_ll48_pl96_dm512_nh8_el2_dl1_df2048_fc1_ebtimeF_dtTrue_Exp_0<<<<<<<<<<<<<<<<<<<<<<<<<<<<<<<<<
test 1422
mse:0.08560444414615631, mae:0.20214296877384186
